[2020-04-18T14:43:39.455+0000][76][gc] Using Concurrent Mark Sweep
[2020-04-18T14:43:39.455+0000][76][gc,heap,coops] Heap address: 0x00000000c0000000, size: 1024 MB, Compressed Oops mode: 32-bit
[2020-04-18T14:43:39.548+0000][76][safepoint    ] Safepoint "EnableBiasedLocking", Time since last: 44774579 ns, Reaching safepoint: 2094668 ns, At safepoint: 33911 ns, Total: 2128579 ns
[2020-04-18T14:43:39.550+0000][76][gc,heap,exit ] Heap
[2020-04-18T14:43:39.550+0000][76][gc,heap,exit ]  par new generation   total 306688K, used 10905K [0x00000000c0000000, 0x00000000d4cc0000, 0x00000000d4cc0000)
[2020-04-18T14:43:39.550+0000][76][gc,heap,exit ]   eden space 272640K,   4% used [0x00000000c0000000, 0x00000000c0aa67e0, 0x00000000d0a40000)
[2020-04-18T14:43:39.550+0000][76][gc,heap,exit ]   from space 34048K,   0% used [0x00000000d0a40000, 0x00000000d0a40000, 0x00000000d2b80000)
[2020-04-18T14:43:39.550+0000][76][gc,heap,exit ]   to   space 34048K,   0% used [0x00000000d2b80000, 0x00000000d2b80000, 0x00000000d4cc0000)
[2020-04-18T14:43:39.550+0000][76][gc,heap,exit ]  concurrent mark-sweep generation total 707840K, used 0K [0x00000000d4cc0000, 0x0000000100000000, 0x0000000100000000)
[2020-04-18T14:43:39.550+0000][76][gc,heap,exit ]  Metaspace       used 161K, capacity 4480K, committed 4480K, reserved 1056768K
[2020-04-18T14:43:39.550+0000][76][gc,heap,exit ]   class space    used 7K, capacity 384K, committed 384K, reserved 1048576K
