[2020-04-18T16:41:33.770+0000][75][gc] Using Concurrent Mark Sweep
[2020-04-18T16:41:33.770+0000][75][gc,heap,coops] Heap address: 0x00000000c0000000, size: 1024 MB, Compressed Oops mode: 32-bit
[2020-04-18T16:41:33.846+0000][75][safepoint    ] Safepoint "EnableBiasedLocking", Time since last: 44383323 ns, Reaching safepoint: 81682 ns, At safepoint: 30684 ns, Total: 112366 ns
[2020-04-18T16:41:33.846+0000][75][gc,heap,exit ] Heap
[2020-04-18T16:41:33.846+0000][75][gc,heap,exit ]  par new generation   total 306688K, used 10905K [0x00000000c0000000, 0x00000000d4cc0000, 0x00000000d4cc0000)
[2020-04-18T16:41:33.846+0000][75][gc,heap,exit ]   eden space 272640K,   4% used [0x00000000c0000000, 0x00000000c0aa67e0, 0x00000000d0a40000)
[2020-04-18T16:41:33.846+0000][75][gc,heap,exit ]   from space 34048K,   0% used [0x00000000d0a40000, 0x00000000d0a40000, 0x00000000d2b80000)
[2020-04-18T16:41:33.846+0000][75][gc,heap,exit ]   to   space 34048K,   0% used [0x00000000d2b80000, 0x00000000d2b80000, 0x00000000d4cc0000)
[2020-04-18T16:41:33.846+0000][75][gc,heap,exit ]  concurrent mark-sweep generation total 707840K, used 0K [0x00000000d4cc0000, 0x0000000100000000, 0x0000000100000000)
[2020-04-18T16:41:33.846+0000][75][gc,heap,exit ]  Metaspace       used 165K, capacity 4480K, committed 4480K, reserved 1056768K
[2020-04-18T16:41:33.846+0000][75][gc,heap,exit ]   class space    used 7K, capacity 384K, committed 384K, reserved 1048576K
