[2020-04-18T14:34:31.319+0000][75][gc] Using Concurrent Mark Sweep
[2020-04-18T14:34:31.319+0000][75][gc,heap,coops] Heap address: 0x00000000e0000000, size: 512 MB, Compressed Oops mode: 32-bit
[2020-04-18T14:34:31.368+0000][75][safepoint    ] Safepoint "EnableBiasedLocking", Time since last: 26711733 ns, Reaching safepoint: 84598 ns, At safepoint: 27436 ns, Total: 112034 ns
[2020-04-18T14:34:31.371+0000][75][gc,heap,exit ] Heap
[2020-04-18T14:34:31.371+0000][75][gc,heap,exit ]  par new generation   total 157248K, used 8386K [0x00000000e0000000, 0x00000000eaaa0000, 0x00000000eaaa0000)
[2020-04-18T14:34:31.371+0000][75][gc,heap,exit ]   eden space 139776K,   6% used [0x00000000e0000000, 0x00000000e0830bc8, 0x00000000e8880000)
[2020-04-18T14:34:31.371+0000][75][gc,heap,exit ]   from space 17472K,   0% used [0x00000000e8880000, 0x00000000e8880000, 0x00000000e9990000)
[2020-04-18T14:34:31.371+0000][75][gc,heap,exit ]   to   space 17472K,   0% used [0x00000000e9990000, 0x00000000e9990000, 0x00000000eaaa0000)
[2020-04-18T14:34:31.371+0000][75][gc,heap,exit ]  concurrent mark-sweep generation total 349568K, used 0K [0x00000000eaaa0000, 0x0000000100000000, 0x0000000100000000)
[2020-04-18T14:34:31.371+0000][75][gc,heap,exit ]  Metaspace       used 175K, capacity 4480K, committed 4480K, reserved 1056768K
[2020-04-18T14:34:31.371+0000][75][gc,heap,exit ]   class space    used 8K, capacity 384K, committed 384K, reserved 1048576K
